Started by user [8mha:////4N5QJZZTyUAZLn1Fggm0liEvxOEinqoOROpEy/mdbuvyAAAAlx+LCAAAAAAAAP9b85aBtbiIQTGjNKU4P08vOT+vOD8nVc83PyU1x6OyILUoJzMv2y+/JJUBAhiZGBgqihhk0NSjKDWzXb3RdlLBUSYGJk8GtpzUvPSSDB8G5tKinBIGIZ+sxLJE/ZzEvHT94JKizLx0a6BxUmjGOUNodHsLgAzWEgZu/dLi1CL9xJTczDwAj6GcLcAAAAA=[0madmin
Building in workspace C:\Program Files (x86)\Jenkins\workspace\Push_To_Webpage
[Push_To_Webpage] $ cmd /c call C:\Windows\TEMP\jenkins5220538270634462270.bat

C:\Program Files (x86)\Jenkins\workspace\Push_To_Webpage>echo endingActiveServer 
endingActiveServer

C:\Program Files (x86)\Jenkins\workspace\Push_To_Webpage>pkill -9 -f  gs-serving-web-content-0.1.0.jar 
'pkill' is not recognized as an internal or external command,
operable program or batch file.

C:\Program Files (x86)\Jenkins\workspace\Push_To_Webpage>echo pushingNewServer 
pushingNewServer

C:\Program Files (x86)\Jenkins\workspace\Push_To_Webpage>cd ..\Poll_Complete_Build\complete\build\lib\ 
The system cannot find the path specified.

C:\Program Files (x86)\Jenkins\workspace\Push_To_Webpage>cp gs-serving-web-content-0.1.0.jar ..\..\..\..\artefacts 
'cp' is not recognized as an internal or external command,
operable program or batch file.

C:\Program Files (x86)\Jenkins\workspace\Push_To_Webpage>cd ..\..\..\..\artefacts 
The system cannot find the path specified.

C:\Program Files (x86)\Jenkins\workspace\Push_To_Webpage>java -jar gs-serving-web-content-0.1.0.jar 
Error: Unable to access jarfile gs-serving-web-content-0.1.0.jar

C:\Program Files (x86)\Jenkins\workspace\Push_To_Webpage>exit 1 
Build step 'Execute Windows batch command' marked build as failure
Finished: FAILURE
